{
  "version": "1.5.0",
  "plugins_used": [
    {
      "name": "ArtifactoryDetector"
    },
    {
      "name": "AWSKeyDetector"
    },
    {
      "name": "AzureStorageKeyDetector"
    },
    {
      "name": "Base64HighEntropyString",
      "limit": 4.5
    },
    {
      "name": "BasicAuthDetector"
    },
    {
      "name": "CloudantDetector"
    },
    {
      "name": "DiscordBotTokenDetector"
    },
    {
      "name": "GitHubTokenDetector"
    },
    {
      "name": "GitLabTokenDetector"
    },
    {
      "name": "HexHighEntropyString",
      "limit": 3.0
    },
    {
      "name": "IbmCloudIamDetector"
    },
    {
      "name": "IbmCosHmacDetector"
    },
    {
      "name": "IPPublicDetector"
    },
    {
      "name": "JwtTokenDetector"
    },
    {
      "name": "KeywordDetector",
      "keyword_exclude": ""
    },
    {
      "name": "MailchimpDetector"
    },
    {
      "name": "NpmDetector"
    },
    {
      "name": "OpenAIDetector"
    },
    {
      "name": "PrivateKeyDetector"
    },
    {
      "name": "PypiTokenDetector"
    },
    {
      "name": "SendGridDetector"
    },
    {
      "name": "SlackDetector"
    },
    {
      "name": "SoftlayerDetector"
    },
    {
      "name": "SquareOAuthDetector"
    },
    {
      "name": "StripeDetector"
    },
    {
      "name": "TelegramBotTokenDetector"
    },
    {
      "name": "TwilioKeyDetector"
    }
  ],
  "filters_used": [
    {
      "path": "detect_secrets.filters.allowlist.is_line_allowlisted"
    },
    {
      "path": "detect_secrets.filters.common.is_baseline_file",
      "filename": ".secrets.baseline"
    },
    {
      "path": "detect_secrets.filters.common.is_ignored_due_to_verification_policies",
      "min_level": 2
    },
    {
      "path": "detect_secrets.filters.heuristic.is_indirect_reference"
    },
    {
      "path": "detect_secrets.filters.heuristic.is_likely_id_string"
    },
    {
      "path": "detect_secrets.filters.heuristic.is_lock_file"
    },
    {
      "path": "detect_secrets.filters.heuristic.is_not_alphanumeric_string"
    },
    {
      "path": "detect_secrets.filters.heuristic.is_potential_uuid"
    },
    {
      "path": "detect_secrets.filters.heuristic.is_prefixed_with_dollar_sign"
    },
    {
      "path": "detect_secrets.filters.heuristic.is_sequential_string"
    },
    {
      "path": "detect_secrets.filters.heuristic.is_swagger_file"
    },
    {
      "path": "detect_secrets.filters.heuristic.is_templated_secret"
    },
    {
      "path": "detect_secrets.filters.regex.should_exclude_file",
      "pattern": [
        "^vendor/"
      ]
    }
  ],
  "results": {
    "common/exception/codes.py": [
      {
        "type": "Secret Keyword",
        "filename": "common/exception/codes.py",
        "hashed_secret": "4035110749422868182d0284daa8b0622e0d4e79",
        "is_verified": false,
        "line_number": 78
      }
    ],
    "common/secrets/store.py": [
      {
        "type": "Secret Keyword",
        "filename": "common/secrets/store.py",
        "hashed_secret": "fb088dcee1f359e470673631bc3f718f38bc41a3",
        "is_verified": false,
        "line_number": 56
      },
      {
        "type": "Secret Keyword",
        "filename": "common/secrets/store.py",
        "hashed_secret": "6897e9cd0c0be5b18a714f91e886abc0fc2ac042",
        "is_verified": false,
        "line_number": 58
      },
      {
        "type": "Secret Keyword",
        "filename": "common/secrets/store.py",
        "hashed_secret": "fe86558143c0bd528f649a153bdc32b8fa90301c",
        "is_verified": false,
        "line_number": 62
      }
    ],
    "executor/dependency/_browser.py": [
      {
        "type": "Basic Auth Credentials",
        "filename": "executor/dependency/_browser.py",
        "hashed_secret": "9d4e1e23bd5b727046a9e3b4b7db57bd8d6ee684",
        "is_verified": false,
        "line_number": 148
      }
    ],
    "roles/role_schema.py": [
      {
        "type": "Basic Auth Credentials",
        "filename": "roles/role_schema.py",
        "hashed_secret": "9d4e1e23bd5b727046a9e3b4b7db57bd8d6ee684",
        "is_verified": false,
        "line_number": 193
      }
    ],
    "ztest/config/test_layers.py": [
      {
        "type": "Secret Keyword",
        "filename": "ztest/config/test_layers.py",
        "hashed_secret": "e5e9fa1ba31ecd1ae84f75caaa474f3a663f05f4",
        "is_verified": false,
        "line_number": 43
      },
      {
        "type": "Secret Keyword",
        "filename": "ztest/config/test_layers.py",
        "hashed_secret": "bfeb734d2eb5d0915145c1861248757d4fd32bc2",
        "is_verified": false,
        "line_number": 45
      }
    ],
    "ztest/config/test_profile.py": [
      {
        "type": "Secret Keyword",
        "filename": "ztest/config/test_profile.py",
        "hashed_secret": "64b184048c0b04ea0d705c37a4796c810a172856",
        "is_verified": false,
        "line_number": 70
      }
    ],
    "ztest/config/test_secrets.py": [
      {
        "type": "Secret Keyword",
        "filename": "ztest/config/test_secrets.py",
        "hashed_secret": "e0538dbde0484e599b41a65cc6a9d443b5011520",
        "is_verified": false,
        "line_number": 41
      },
      {
        "type": "Secret Keyword",
        "filename": "ztest/config/test_secrets.py",
        "hashed_secret": "ffeb9f5033aabbda3d035ed61eff82953aa5aa27",
        "is_verified": false,
        "line_number": 47
      },
      {
        "type": "Secret Keyword",
        "filename": "ztest/config/test_secrets.py",
        "hashed_secret": "7ce6ed3727ece51d2219f2bdc7f6db3594dc4d7f",
        "is_verified": false,
        "line_number": 51
      },
      {
        "type": "Secret Keyword",
        "filename": "ztest/config/test_secrets.py",
        "hashed_secret": "27f48b198a5f1b84d79ccb7e0e1f431ae362a07a",
        "is_verified": false,
        "line_number": 60
      }
    ],
    "ztest/executor/tools/test_browser_stealth.py": [
      {
        "type": "Secret Keyword",
        "filename": "ztest/executor/tools/test_browser_stealth.py",
        "hashed_secret": "9d4e1e23bd5b727046a9e3b4b7db57bd8d6ee684",
        "is_verified": false,
        "line_number": 137
      }
    ],
    "ztest/oauth/test_client.py": [
      {
        "type": "Secret Keyword",
        "filename": "ztest/oauth/test_client.py",
        "hashed_secret": "e5e9fa1ba31ecd1ae84f75caaa474f3a663f05f4",
        "is_verified": false,
        "line_number": 89
      }
    ],
    "ztest/oauth/test_llm_integration.py": [
      {
        "type": "Secret Keyword",
        "filename": "ztest/oauth/test_llm_integration.py",
        "hashed_secret": "21dec65a5ab0537e1ee8efc9946946d1cb97f723",
        "is_verified": false,
        "line_number": 45
      },
      {
        "type": "Secret Keyword",
        "filename": "ztest/oauth/test_llm_integration.py",
        "hashed_secret": "2c0304338c345d74317703279ebce3ab8367d26b",
        "is_verified": false,
        "line_number": 59
      },
      {
        "type": "Secret Keyword",
        "filename": "ztest/oauth/test_llm_integration.py",
        "hashed_secret": "f8d8a7af2041b07b1f974e47fab6a8de86301144",
        "is_verified": false,
        "line_number": 70
      },
      {
        "type": "Secret Keyword",
        "filename": "ztest/oauth/test_llm_integration.py",
        "hashed_secret": "a2ab1959c1c3bfa295b0fc90199378272db76b45",
        "is_verified": false,
        "line_number": 76
      },
      {
        "type": "Secret Keyword",
        "filename": "ztest/oauth/test_llm_integration.py",
        "hashed_secret": "bfeb734d2eb5d0915145c1861248757d4fd32bc2",
        "is_verified": false,
        "line_number": 78
      }
    ],
    "ztest/oauth/test_llmconfig.py": [
      {
        "type": "Secret Keyword",
        "filename": "ztest/oauth/test_llmconfig.py",
        "hashed_secret": "1e3667aaaaa887721550cf5cc8a0c5c5760810ed",
        "is_verified": false,
        "line_number": 25
      },
      {
        "type": "Secret Keyword",
        "filename": "ztest/oauth/test_llmconfig.py",
        "hashed_secret": "6fc8e6cc359f4b3c2aea86a0b998e543c66ad00b",
        "is_verified": false,
        "line_number": 62
      },
      {
        "type": "Secret Keyword",
        "filename": "ztest/oauth/test_llmconfig.py",
        "hashed_secret": "114ab81798398be7ae52927c3b603fc063eb5046",
        "is_verified": false,
        "line_number": 69
      }
    ],
    "ztest/router/llm/test_anthropic_api.py": [
      {
        "type": "Secret Keyword",
        "filename": "ztest/router/llm/test_anthropic_api.py",
        "hashed_secret": "e9a5f12a8ecbb3eb46eca5096b5c52aa5e7c9fdd",
        "is_verified": false,
        "line_number": 115
      }
    ],
    "ztest/router/llm/test_llm_events.py": [
      {
        "type": "Secret Keyword",
        "filename": "ztest/router/llm/test_llm_events.py",
        "hashed_secret": "fe72967536aedcae9b1b1e4eaf2c53494e17a638",
        "is_verified": false,
        "line_number": 31
      }
    ],
    "ztest/router/llm/test_openai_stream_tool.py": [
      {
        "type": "Secret Keyword",
        "filename": "ztest/router/llm/test_openai_stream_tool.py",
        "hashed_secret": "fe72967536aedcae9b1b1e4eaf2c53494e17a638",
        "is_verified": false,
        "line_number": 71
      }
    ],
    "ztest/router/llm/test_provider_catalog.py": [
      {
        "type": "Secret Keyword",
        "filename": "ztest/router/llm/test_provider_catalog.py",
        "hashed_secret": "624b7257cc14e01ed19e1dce2c6c9732178d9cf6",
        "is_verified": false,
        "line_number": 126
      },
      {
        "type": "Secret Keyword",
        "filename": "ztest/router/llm/test_provider_catalog.py",
        "hashed_secret": "8f81a348e1de8f4d779816059377767e8ae2a4a4",
        "is_verified": false,
        "line_number": 189
      }
    ],
    "ztest/router/test_router.py": [
      {
        "type": "Secret Keyword",
        "filename": "ztest/router/test_router.py",
        "hashed_secret": "e9a5f12a8ecbb3eb46eca5096b5c52aa5e7c9fdd",
        "is_verified": false,
        "line_number": 58
      }
    ],
    "ztest/secrets/test_redaction_spike.py": [
      {
        "type": "Base64 High Entropy String",
        "filename": "ztest/secrets/test_redaction_spike.py",
        "hashed_secret": "dc8b8dd2dd64bf739503cf7a65729a3c8fc1bc0c",
        "is_verified": false,
        "line_number": 31
      },
      {
        "type": "Secret Keyword",
        "filename": "ztest/secrets/test_redaction_spike.py",
        "hashed_secret": "dc8b8dd2dd64bf739503cf7a65729a3c8fc1bc0c",
        "is_verified": false,
        "line_number": 31
      }
    ],
    "ztest/secrets/test_store.py": [
      {
        "type": "Base64 High Entropy String",
        "filename": "ztest/secrets/test_store.py",
        "hashed_secret": "dc8b8dd2dd64bf739503cf7a65729a3c8fc1bc0c",
        "is_verified": false,
        "line_number": 20
      },
      {
        "type": "Secret Keyword",
        "filename": "ztest/secrets/test_store.py",
        "hashed_secret": "dc8b8dd2dd64bf739503cf7a65729a3c8fc1bc0c",
        "is_verified": false,
        "line_number": 20
      }
    ]
  },
  "generated_at": "2026-07-22T10:01:44Z"
}
